Ms, Ms, Ms, Ms, Ms, Ms, Ms, Ms, Ms, Gd, Ms, Ms, Ms, Ms, Aa^Fpa, Aa^Fpa, Aa^Fpa, Hhd, Ms, Ms, Ms, Ms, Ms, Ms, Ms, Ms, Ms, Aa, Ms, Aa^Fpa, Ms, Ms, Ms, Ms, Ms, Ms, Aa^Fpa, Ms, Ms, Ms, Ai, Aa, Ms, Ms, Ms, Ms, Ms, Ms
Ms, Ms, Ms, Ms, Ms, Ms, Ms, Ms, Ms, Ms, Ms, Ms, Ms, Ms, Ms, Ms, Ms, Ms, Ms, Ms, Ms, Ms, Ms, Ms, Ms, Ms, Ms, Ms, Ms, Ms, Aa^Fpa, Aa^Fpa, Aa^Fpa, Aa^Fpa, Ms, Aa^Fpa, Aa^Vca, Ai, Aa, Aa^Vca, Ai, Ha, Ha, Ms, Ms, Ms, Ms, Gd
Ms, Ms, Ms, Ms, Ms, Ms, Ms, Ms, Ms, Ms, Ms, Ms, Ms, Ms, Aa^Fpa, Ms, Ms, Ms, Ms, Ms, Ms, Ms, Ms, Ms, Aa^Fpa, Ms, Ms, Ms, Ha, Ms, Ms, Aa^Vha, Ha, Ha^Fpa, Ha^Fpa, Aa, Ai, Ai, Cha, Aa, Aa^Vca, Ai, Ai, Aa^Fpa, Ms, Ms, Ms, Gd
Ms, Ms, Ms, Ms, Ms, Ms, Ms, Ms, Aa^Fpa, Ms, Ms, Ms, Ms, Ms, Ms, Ms, Ms, Ms, Ms, Ms, Ms, Ms, Ms, Aa^Fpa, Ms, Ha, Ms, Ha, Aa^Fpa, Ha, Ha^Fpa, Ha^Fpa, Aa, Ha, Aa, Aa^Vca, Ai, Cha, Kha^Vhca, Cha, Aa, Ai, Ms, Ha^Fpa, Ha, Ms, Ms, Gll^Fp
Ms, Ms, Ms, Ms, Ms, Ms, Ms, Ms, Aa^Fpa, Ms, Ms, Ms, Aa^Fpa, Aa^Fpa, Ms, Ms, Ms, Ms, Ms, Ms, Ms, Ms, Aa^Fpa, Ha, Aa, Aa^Fpa, Aa, Aa^Fpa, Ai, Aa, Aa, Aa, Ai, Aa^Vca, Ai, Ai, Cha, 3 Kha, Kha, Cha, Aa^Vca, Ai, Ms, Ms, Ms, Ms, Ms, Ms
Ms, Ms, Ms, Ms, Ms, Ms, Ms, Ms, Aa^Fpa, Ms, Ms, Ms, Aa^Fpa, Ms, Ms, Ms, Ms, Ms, Ms, Ms, Ms, Ms, Ha^Fpa, Aa^Fpa, Ai, Ai, Ai, Ai, Ai, Ai, Ai, Ai, Ai, Ai, Ai, Ai, Rra, Cha, Cha, Cha, Ai, Ai, Ms, Ms, Ha^Fma, Ms, Ms, Ms
Ms, Ms, Ms, Ms, Ms, Ms, Ms, Ms, Aa^Fpa, Ms, Ms^Vu, Ms, Aa^Fpa, Ms, Ms, Ms, Ms, Ms, Ms, Ms, Ms, Ms, Aa, Aa, Ai, Ai, Ai, Ai, Ai, Ai, Ai, Ai, Ai, Ai, Ms, Rra, Aa^Fpa, Ai, Ai, Ai, Ms, Ms, Ms, Ms, Ms, Ha, Ms, Ms
Ms, Ms, Ms, Ms, Ms, Ms, Ms, Cte^Vu, Cte, Aa^Fpa, Cte^Qhu, Aa^Vu, Ms, Ms, Ms, Ms, Ai, Ai, Ai, Ha^Fpa, Aa^Fpa, Ha^Fpa, Aa^Vhha, Ai, Ai, Ai, Ai, Ai, Ai, Ai, Ai, Ai, Ms, Ha^Vla, Rra, Rra, Aa^Fpa, Aa^Fpa, Ha^Fpa, Ha^Fpa, Aa^Fpa, Aa^Fma, Ha^Fma, Aa^Fma, Ha, Ms, Ms, Ms
Ms, Ms, Ms, Ha, Ms, Ms, Ms^Vu, Cte^Qhh, Cte^Qhh, 4 Kte, Cte, Ms, Aa, Ms, Ms, Ha, Ha, Aa, Ha^Fpa, Ai, Ai, Aa^Fpa, Ai, Ai, Ai, Ai, Ai, Ai, Aa, Ai, Aa^Fpa, Aa^Fpa, Ha, Ha^Fpa, Rra, Aa^Fpa, Ha^Fpa, Aa^Fpa, Ms, Ms, Ms, Ms, Ms, Ha, Ms, Ms, Ms, Ms
Ms, Ms, Ms, Ha, Ms, Ms, Ms, Aa^Fpa, Ms, Cte^Qhh, Re^Qhu, Aa^Fpa, Aa, Ms, Ha, Ha, Ha, Ha, Ha^Fpa, Ms, Ai, Ai, Ai, Ai, Aa, Ai, Aa, Aa, Aa, Aa, Aa, Ms, Rra, Rra, Aa^Fpa, Aa^Fpa, Ms, Ms, Ms, Ms, Ms, Ms, Ms, Ms, Ms, Ms, Ms, Ms
Ms, Ms, Ha, Ha, Ha, Ms, Ms, Aa^Fpa, Ms^Vu, Ms, Ms, Re^Qhu, Re^Qhu, Aa^Voa, Ms, Ms, Ms, Ms, Ai, Ai, Ai, Ai, Aa, Aa, Aa, Aa, Ha, Ms, Aa^Fpa, Aa, Aa, Aa^Fpa, Rra, Aa^Fpa, Ms, Aa^Fpa, Aa^Fpa, Ms, Ms, Ms, Ms, Ms, Ms, Ms, Ms, Ms, Ms, Ms
Ms, Ms, Ms, Ms, Ms, Ms, Ms, Ms, Aa^Fpa, Ms, Ms, Ms, Aa^Voa, Re^Qhu, Ms, Ms, Ww, Ai, Ai, Ai, Ai, Ha, Ha, Aa, Aa, Aa, Aa^Fpa, Aa^Fpa, Aa^Vha, Ms, Rra, Rra, Ms, Aa^Fpa, Aa^Fpa, Aa^Fpa, Aa^Fpa, Ms, Ms, Ms, Ms, Ms, Ms, Ms, Ms, Ms, Ms, Wo
Ms, Ms, Ha, Ms, Ms, Ms, Ms, Ms, Ms, Aa^Fpa, Aa^Fpa, Aa^Fpa, Ai, Re^Qhu, Ai, Ai, Ai, Ai, Ha^Fpa, Ha^Fpa, Ha, Ai, Ai, Ms, Rra, Rra, Rra, Ms, Rra, Rra, Aa^Fpa, Rra, Aa^Fpa, Aa^Fpa, Aa^Fpa, Aa^Fpa, Aa^Fpa, Aa^Fpa, Xu, Xu, Xu, Ms, Xu, Ms, Xu, Ms, Xu, Xu
Ha, Ha, Ms, Ms, Ms, Ms, Ms, Ms, Ai, Ai, Ai, Ai, Ms, Ai^Bw|r, Ai, Ai, Aa, Aa, Rra, Ms, Rra, Aa^Fpa, Rra, Ai^Bw/r, Ai, Ms, Aa^Fpa, Rra, Ms, Ms, Ms, Rra, Rra, Aa^Fpa, Aa^Fpa, Aa^Fpa, Xu, Xu, Uh^Qhh, Uh^Qhh, Uu, Xu, Uh^Qhh, Xu, Uu, Xu, Uh^Qhh, Uu
Ai, Ms, Ms, Aa^Fpa, Ms, Ms, Ms, Ww, Ai, Ww, Ms, Ms, Ms, Re, Aa^Fpa, Aa, Rra, Rra, Ms, Rra, Ms, Rra, Ms, Ha^Vhha, Ms, Ai, Ai, Aa^Fpa, Ms, Ms, Ms, Aa^Fpa, Ms, Rra, Ur, Xu, Uu^Vu, Uh^Qhh, Uu, Uu, Uu, Uh^Qhh, Uu, Uh^Qhh, Uu, Uh^Qhh, Uh^Qhh, Uu
Ms^Qov, Ms^Qov, Ms^Qov, Ms, Ms^Qov, Ms^Qov, Aa^Fpa, Ai, Ai, Ms, Ms, Ms, Ms, Rra, Rra, Rra, Ms, Ms, Ms, Ms, Ms, Ms, Ms, Ms, Ms, Ms, Aa^Fpa, Ai, Ai, Ms, Aa^Fpa, Aa^Fpa, Aa^Fpa, Cfa, Xu, Ur, Ur, Ur, Ur, Ur, Ur, Ur, Ur, Uu^Vct, Ur, Uu, Uu, Uu
Ai, Ms, Ms, Ms^Qov, Ms, Ms, Aa^Fpa, Ai, Ai, Ms, Ms, Ms, Rra, Rra, Aa^Fpa, Ms, Ms, Ms, Ms, Ms, Ms, Ms, Ms, Ms, Ms, Ms, Aa^Fpa, Ms, Aa^Fpa, Ai, Ai, Ms, Ms, Ms, Xu, Ww^Qhu, Ai, Ww^Qhu, Uu, Uu, Cer^Vct, Cer, Cer, Ur, Cer, Ur, Ur, Uu
Ms, Ms, Ms, Ms, Ms, Ms, Aa^Fpa, Ai, Ai, Ms, Aa, Aa, Rra, Aa^Fpa, Ms, Ms, Ms^Qov, Ms, Ms^Qov, Ms, Ms, Ms, Ms, Ms, Ms, Ms, Aa^Fpa, Aa^Fpa, Ms, Ms, Aa^Fpa, Ai, Ai, Ms, Ai, Ai, Xu, Ww^Qhu, Ww^Qhu, Tb^Tf, Tb^Tf, Cer, Cer^Vct, 1 Ker, Cer^Vct, Cer, Cer^Vct, Ur
Ms, Ms, Ms, Aa^Fpa, Aa^Fpa, Aa^Fpa, Aa^Fpa, Ai, Ai, Ms, Aa, Aa, Rra, Aa^Fpa, Ms, Ms, Ms, Ms^Qov, Ms, Ms^Qov, Ms^Qov, Ms, Ms, Ms, Ms, Ms, Aa^Fpa, Ms, Ms, Ms, Ai, Ai, Ai, Ai, Ha, Aa, Aa, Xu, Xu, Ss^Qhu, Xu, Tb^Tf, Xu, Uu, Uu, Uu, Uu, Uu
Ms, Ms, Ms, Ms, Ms, Aa^Fpa, Aa^Fpa, Ai, Ai, Ms, Ha, Aa, Rra, Aa^Fpa, Ms, Ms, Ms, Ms, Ms, Ms, Ha^Cov, Ms^Qov, Ms^Qov, Ms, Ms, Ms, Ms, Ms, Ms, Ms, Ai, Ai, Ha, Aa, Aa^Vaa, Aa, Ms, Ms, Ms, Xu, Ms^Qov, Xu, Ms, Xu, Xu, Tb^Tf, Tb^Tf, Tb^Tf
Ms, Ms, Ms, Ms, Ms, Aa^Fpa, Ha, Ai, Ai, Ms, Ha, Ha, Rra, Aa^Fpa, Ms, Ms, Ms, Ms, Ms, Ms, Ha^Cov, 2 Ms^Kov, Ha^Cov, Ms^Qov, Ms^Qov, Ms^Qov, Ms^Qov, Ms, Ms, Ms, Ww, Ai, Aa^Vaa, Aa, Ha, Ha, Ms, Ms, Ms, Ms, Ms^Qov, Ms, Ms, Xu, Qxu, Qxu, Qxu^Bp|, Qxu
Ms, Ms, Ms, Ms, Ms, Ms, Ha, Ai, Ai, Ha, Ha, Aa^Fpa, Rra, Aa^Fpa, Ms, Ms, Aa^Fpa, Ms, Ms, Ms, Ms, Ha^Cov, Ha, Ha, Ha^Qhh, Ww, Ww, Ms^Qov, Ms^Qov, Ww, Ww, Ai, Ha, Ha, Aa, Aa, Ms, Ms, Ms, Ms, Ms^Qov, Ms, Xu, Xu, Tb^Tf, Tb^Tf, Tb^Tf, Qxu
Ms, Ms, Ms, Ms, Ms, Ha, Ha, Ai, Ai, Ha, Ha, Ha, Rra, Aa^Fpa, Aa^Fpa, Aa^Fpa, Aa^Fpa, Aa^Fpa, Ms, Ms, Ms, Ms, Ms, Ha^Qhh, Aa^Fpa, Aa^Fpa, Ai, Ai, Ai, Ms^Qov, Ms^Qov, Ms, Ms, Ha, Ha, Aa, Ha, Ms, Ms, Ms, Ms^Qov, Xu, Xu, Ss^Qhu, Ss^Qhu, Ss^Qhu, Tb^Tf, Tb^Tf
Ms, Ms, Ms, Ms, Ms, Ms, Ms, Ai, Ai, Ms, Ha, Aa^Fpa, Rra, Aa^Fpa, Ms, Aa^Fpa, Aa^Fpa, Ms, Ms, Ms, Ms, Ms, Ha, Ha^Qhh, Aa^Fpa, Aa^Fpa, Aa^Fpa, Aa^Fpa, Ms, Ms, Ms, Ms^Qov, Ms^Qov, Ha, Ms, Ha, Ms, Ms, Ms^Qov, Ms^Qov, Ms, Xu, Xu, Xu, Xu, Xu, Ur, Uu
Ms, Ms, Ms, Ms, Ms, Ms, Ms, Ai, Ai, Ms, Aa^Fpa, Aa^Fpa, Rra, Aa^Fpa, Ha, Aa^Fpa, Ms, Ms, Ms, Ms, Ms, Ms, Ha, Ha^Qhh, Aa^Fpa, Aa^Fpa, Ms, Ms, Ms, Ms, Aa^Fpa, Aa^Fpa, Aa^Fpa, Ms^Qov, Ms^Qov, Ms, Ms^Qov, Ms^Qov, Ha, Ms, Ms, Xu, Xu, Uu^Vu, Ur, Ur, Uu^Vu, Uu
Ms, Ms, Ms, Ms, Ms, Ms, Ai, Ai, Ww, Ms, Aa^Fpa, Aa, Rra, Aa, Aa, Ha, Ms, Ms, Ms, Ms, Ms, Ha, Rra, Ha^Qhh, Ha, Ms, Ms, Ms, Xu, Ms, Aa^Fpa, Aa^Fpa, Aa^Fpa, Ms, Ms, Ms^Qov, Ms^Qov, Ms, Ha, Ms, Ms, Xu, Xu, Tb^Tf, Uu, Ur, Uu^Feth, Uu
Ms, Ms, Ms, Ms, Ai, Ai, Ww, Ww, Aa^Fpa, Aa^Fpa, Aa^Vla, Aa, Rra, Aa^Vha, Aa, Aa^Fpa, Ms, Ms, Ms, Ms, Rra, Rra, Ha, Rra, Rra, Ms, Xu, Xu, Uu, Xu, Xu, Aa^Fpa, Aa^Fpa, Aa^Fpa, Ms, Ms, Ms, Ms^Qov, Ms^Qov, Ms, Ms, Ms, Ms, Xu, Xu, Uu^Vu, Uu, Uu
Ms, Ms, Ai, Ai, Ai, Ai, Aa^Fpa, Aa^Fpa, Aa^Fpa, Aa^Fpa, Cea^Vct, Cea^Vct, Rra, Aa, Aa, Aa^Vha, Ha^Vwm, Ms, Rra, Rra, Ms, Ms, Ms, Cfa, Xu, Ur^Pr/, Ur, Uu^Vu, Uh^Qhh, Uh, Cfr, Xu, Xu, Aa^Fpa, Ms, Ms, Ms, Ms, Ms, Ms^Qov, Ms, Ms, Ms, Ms, Ms, Xu, Xu, Uu
Ai, Ai, Ai, Ai, Ms, Ms, Ms, Ms, Aa, Cea^Vct, Cea^Vct, 5 Kea, Rra, Aa, Ha^Qhh, Ha^Qhh, Rra, Rra, Ms, Ms, Ms, Ms, Xu, Xu, Uu, Uu, Uh^Qhh, Ur, Uh^Qhh, Uu, Cfr^Qhh, Uu^Vud, Uu^Vud, Xu, Xu, Ms, Ms, Ms, Ms, Ms^Qov, Ms, Ms, Ms, Ms, Ms, Ms, Ms, Xu
Ai, Ai, Ms, Ms, Ms, Aa, Ms, Aa, Aa^Vha, Aa, Aa, Cea^Vct, Rra, Aa^Vha, Rra, Rra, Aa, Ha, Ms, Ms, Ms, Xu, Uh^Qhh, Uh^Qhh, Uu^Vu, Uu, Uu, Ur, Uu, Uu, Uu, Cfr^Qhh, Cfr^Qhh, Cfr, 6 Kfr, Xu, Ms, Ms, Ms, Ms^Qov, Ms, Ms, Ms, Ms, Ms, Ms, Ms, Ms
Ms, Ai, Ms, Ms, Ms, Ms, Ms, Ms, Ms, Aa, Rra, Rra, Ms, Rra, Ms, Aa, Ms, Ms, Ms, Ms, Ms, Xu, Uh^Qhh, Uh, Uu, Uu, Uh^Qhh, Ur, Ur, Tb^Tf, Uu, Uu, Uu, Uu, Uu, Xu, Ms, Ms, Ms, Ms^Qov, Ms^Qov, Ms, Ms, Ms, Ms, Ms, Ms, Ms
Ms, Ms, Ms, Ms, Ms, Ms, Ms, Ms, Ms, Rra, Ms, Aa^Fpa, Ms, Aa^Fpa, Aa^Fpa, Ms, Mm, Ms, Ha, Ms, Xu, Xu, Uu, Uu, Uu, Uu, Uu, Uu, Ur, Uu, Uu, Uu, Uu, Uu, Uu, Xu, Xu, Ms, Ms, Ms^Qov, Ms^Qov, Ms^Qov, Ms^Xm, Ms, Ms, Ms, Ms, Ms
