Xv, Xv, Xv, Xv, Xv, Xv, Xv, Xv, Xv, Xv, Xv, Xv, Xv, Xv, Xv, Xv, Ms, Xv, Aa, Ai, Aa, Aa, Ai, Ha, Ha, Xu, Xu, Xu, Xu, Xu, Rr, Rr, Hhd, Rr, Rr, Ql, Ql, Hhd, Mm, Mv, Mm, Md, Ql, Co, Co, Ko, Ko, Ko, Ko, Ko, Rr
Xv, Xv, Xv, Xv, Xv, Xv, Aa^Fpa, Xv, Xv, Xv, Ha, Xv, Ms, Xv, Ha, Ha^Fpa, Ha^Fpa, Aa, Ai, Ai, Cha, Aa, Aa, Ai, Ai, Aa^Fpa, Xu, Xu, Rr, Ql, Ql, Hhd, Md, Md, Mv, Rr, Rr, Ql, Md, Md, Ql, Ql, Co, Ql, Ql, Co, Co, Ko, Rr, Rr, Rr
Xv, Xv, Xv, Xv, Xv, Aa^Fpa, Ms, Ha, Ms, Ha, Aa^Fpa, Ha, Ha^Fpa, Ha^Fpa, Aa, Ha, Aa, Aa, Ai, Cha, Kha, Cha, Aa, Ai, Ms, Ha^Fpa, Ha, Xu, Xu, Rr, Ql, Md, Md, Md, Md, Md, Rr, Ql, Ql, Ql, Rr, Co, Co, Co, Ql, Ql, Rr, Rr, Rr, Rr, Ko
Xv, Xv, Xv, Xv, Aa^Fpa, Ha, Aa, Aa^Fpa, Aa, Aa^Fpa, Ai, Aa, Aa, Aa, Ai, Aa, Ai, Ai, Cha, Kha, Kha, Cha, Aa, Ai, Ms, Ms, Ms, Xu, Xu, Rr, Rr, Ql, Md, Mv, Md, Hhd, Ql, Ql^Bcx\, Rr, Ql^Bcx/, Ql, Rr, Rr, Co, Rr, Ql^Bcx/, Ql^Bcx/, Rr, Rr, Co, Co
Xv, Xv, Xv, Ms, Ha^Fpa, Aa^Fpa, Ai, Ai, Ai, Ai, Ai, Ai, Ai, Ai, Ai, Ai, Ai, Ai, Rrc, Cha, Cha, Cha, Ai, Ai, Ms, Ms, Ha^Fma, Xu, Xu, Hhd, Hhd, Ql, Ql, Md, Ql, Ql, Co, Ql, Ql, Rr, Rr, Ql, Ql, Rr, Rr, Rr, Rr, Ql^Bcx/, Ql, Ql, Ql
Xv, Xv, Ms, Ms, Aa, Aa, Ai, Ai, Ai, Ai, Ai, Ai, Ai, Ai, Ai, Ai, Ms, Rrc, Aa^Fpa, Ai, Ai, Ai, Ms, Ms, Ms, Ms, Ms, Xu, Xu, Md, Mv, Md, Ql, Ql, Ko, Co, Co, Qlf, Ql, Ql, Rr, Rr, Rr, Ql, Ql, Rr, Rr, Co, Co, Co, Co
Ai, Ha^Fpa, Aa^Fpa, Ha^Fpa, Aa, Ai, Ai, Ai, Ai, Ai, Ai, Ai, Ai, Ai, Ms, Ha, Rrc, Rrc, Aa^Fpa, Aa^Fpa, Ha^Fpa, Ha^Fpa, Aa^Fpa, Aa^Fma, Ha^Fma, Aa^Fma, Xu, Xu, Xu, Md, Md, Md, Ql, Qlf, Qlf, Co, Co, Co, Rr, Ql, Ql^Bcx/, Rr, Rr, Rr, Rr, Ql, Ql, Rr, Rr, Co, Ql
Ha^Fpa, Ai, Ai, Aa^Fpa, Ai, Ai, Ai, Ai, Ai, Ai, Aa, Ai, Aa^Fpa, Aa^Fpa, Ha, Ha^Fpa, Rrc, Aa^Fpa, Ha^Fpa, Aa^Fpa, Xu, Xu, Xu, Xu, Xu, Xu, Xu, Wwr^_s, Wwr^_s, Xu, Xu, Md, Hhd, Ql, Ql, Ql, Qlf, Ql, Ql^Bcx/, Rr, Rr, Ql, Ql, Ql, Ql, Rr, Rr, Ql^Bcx/, Ql, Ql, Md
Ha^Fpa, Ms, Ai, Ai, Ai, Ai, Aa, Ai, Aa, Aa, Aa, Aa, Aa, Ms, Rrc, Rrc, Aa^Fpa, Aa^Fpa, Xu, Xu, Xu, Xu, Xu, Xu, Xu, Xu, Wwr^Qhh, Wwr^Qhh, Xu, Xu, Xu, Xu, Xu, Xu, Mm, Mv, Mm, Rr, Ql, Ql, Co, Co, Co, Qlf, Co, Ql, Ql, Ql^Bcx\, Rr, Ql, Ql
Ai, Ai, Ai, Ai, Aa^Fpa, Aa, Aa, Aa, Ha, Ms, Aa^Fpa, Aa, Aa, Aa^Fpa, Rrc, Aa^Fpa, Xu, Xu, Xu, Xu, Xu, Xu, Xu, Xu, Xue, Xue, Uue^Emf, Xue, Xue, Xu, Xu, Xu, Xu, Xu, Xu, Mm, Xu, Rr, Ql, Qlf, Qlf, Co, Ko, Co, Qlf, Qlf, Ql, Ql, Rr, Rr, Xu
Ai, Ai, Aa^Fpa, Ha, Ha, Ha^Fpa, Ha^Fpa, Aa, Xu, Xu, Xu, Ms, Rrc, Rrc, Xu, Xu, Xu, Xu, Xu, Xu, Xue, Xu, Xue, Xue, Xue, Uue^Emf, Uue^Emf, Uue^Emf, Xue, Xu, Xu, Xu, Xu, Xu, Xu, Xu, Xu, Xu, Xu, Ql, Ql, Qlf, Qlf, Qlf, Ql, Ql, Mv, Hhd, Md, Rr, Xu
Ha^Fpa, Ha^Fpa, Ha, Ms, Ai, Ms, Aa, Xu, Xu, Xu, Xu, Xu, Xu, Xu, Xu, Xu, Xu, Xu, Xu, Xu, Xue, Xue, 2 Ko, Co, Co^Ebn, Uue, Uue^Esd, Uue^Emf, Uue^Emf, Xue, Xu, Xu, Xu, Xu, Xu, Xu, Xu, Xu, Xu, Ql, Ql, Ql, Ql, Ql, Md, Md, Md, Md, Md, Hhd, Xu
Xu, Xu, Xu, Aa^Fpa, Aa, Aa, Xu, Xu, Xu, Xu, Xu, Xu, Xu, Xu, Xu, Xu, Xu, Xu, Xu, Xu, Xue, Co, Co^Ebn, Co, Uue, Uue, Uue, Uue, Xue, Xue, Xu, Xu, Xu, Xu, Xu, Xu, Xu, Xu, Xu, Xu, Ql, Qlf, Co, Co, Co, Md, Md, Mv, Md, Md, Xu
Xu, Xu, Xu, Xu, Xu, Xu, Xu, Xu, Xu, Xu, Xu, Xu, Xu, Xu, Xu, Xu, Xu, Xu, Xu, Xu, Xue, Uue^Vo, Uue, Uue, Ss^Bp|, Uue^Esd, Uhe, Uue^Vo, Xue, Xu, Xu, Xu, Xu, Xu, Xu, Xu, Xu, Xu, Xu, Xu, Ql, Qlf, Qlf, Co, Co, Co, Qlf, Md, Ql, Ql, Xu
Xu, Xu, Xu, Xu, Xu, Xu, Xu, Xu, Xu, Xu, Xu, Xu, Xu, Xu, Xu, Xu, Xu, Xu, Xu, Xu, Xu, Xue, Ss^Bp|, Ss, Ss^Bp|, Ss^Ii, Ss^Bp|, Uhe, Xue, Xu, Xu, Xu, Xu, Xu, Xu, Xu, Xu, Xu, Xu, Xu, Xu, Ql, Ql, Qlf, Qlf, Qlf, Ql, Ql, Ql, Ql, Xu
Xu, Xu, Xu, Xu, Xu, Xu, Xu, Xu, Xu, Xu, Xu, Xu, Xu, Xu, Uh^Qhh, Xu, Xu, Xu, Xu, Xu, Ss^Ii, Ss, Ss^Bp|, Ss, Uu^Tf, Ss, Ss^Bp|, Ss, Xu, Xu, Xu, Xu, Xu, Xu, Ss^Qhu, Xu, Wwr, Xu, Xu, Xu, Xu, Xu, Xu, Ql, Ql, Ql, Xu, Xu, Xu, Xu, Xu
Xu, Xu, Xu, Xu, Xu, Xu, Xu, Xu, Xu, Xu, Xu, Xu, Uh^Qhh, Uh^Dr, Ur, Uu^Tf, Uu^Tf, Xu, Xu, Ss, Wwr, Uu^Vo, Uu, Wwr, Uu^Tf, Uh, Uu^Esd, Xu, Xu, Xu, Xu, Xu, Xu, Ss^Qhu, Ss^Bw/r, Wwr, Wwr, Xu, Cte^Ii, 4 Kte^Vd, Cte, Xu, Xu, Xu, Xu, Xu, Xu, Xu, Xu, Xu, Xu
Xu, Xu, Xu, Xu, Xu, Xu, Uu^Tf, Uu^Tf, Uh^Qhh, Uh^Qhh, Uh^Qhh, Uu^Dr, Ur, Ur, Ur, Uu^Dr, Uh, Xu, Cud, Uu^Tf, Uu, Uu, Uu^Edb, Uu, Uu, Ur, Uu, Uu, Uu, Uu, Uu^Qhh, Xu, Uu^Pr\, Uu^Ii, Ss^Qhu, Ss^Qhu, Xu, Cte, Xu, Cte, Cte, Xu, Xu, Xu, Xu, Xu, Xu, Xu, Xu, Xu, Xu
Xu, Xu, Xu, Xu, Xu, Xu, Uh^Qhh, Uu, Uu, Uu^Vud, Ur, Ur, Uu, Uu^Vud, Kud, Cud, Cud, Xu, Uu^Tf, Uu^Br\, Uh^Br\, Uh^Qhh, Uu^Esd, Uu, Uh^Qhh, Ur, Uu, Uu^Edb, Qxu, Uu^Qhh, Uu^Ii, Uu^Qhh, Xu, Xu, Xu, Xu, Xu, Xu, Wwr, Ss^Ii, Ur^Tf, Xu, Ss, Xu, Xu, Xu, Cte, Xu, Ss, Xu, Xu
Xu, Xu, Xu, Xu, Xu, Uu^Tf, Uu, Uu^Dr, Ur, Ur, Uu, Uu^Dr, Uu, Uu, Cud, Cud, Cud, Xu, Wwrg^Qhu, Uh^Qhh, Wwrg^Qhu, Uu^Br\, Uu^Br\, Uu, Co, Ur, Uu, Qxu, Co, Qxu, Qxu^Bw|r, Xu, Qxu, Qxu, Qxu, Xu, Ss, Wwr, Uh^Esd, Wwr, Wwr^Br\, Wwr, Ur^Ii, Ss^Qhu, Ss^Qhu, Cte, Cte, 5 Kte^Ii, Cte, Ss^Qhu, Xu
Xu, Xu, Xu, Xu, Xu, Uu^Tf, Uu^Tf, Uu, Uh^Qhh, Uu^Vud, Uu, Uu, Uu^Tf, Uh, Xu, Xu, Uu^Br\, Ur, Ur, Ww^Qhu, Ww^Qhu, Wwrg^Qhu, Uu^Br/, Uu^Br\, Ur^Br\, Ur, Ur, Wwr^Qhu, Wwr^Qhu, Qxu, Uh, Qxu, Qxu, Qxu, Xu, Xu, Ur^Ii, Ur, Uu^Br/, Wwr^Br/, Wwr, Ss^Br\, Ss^Br\, Ur^Tf, Wwr, Ss^Qhu, Ss^Bw/r, Cte, Uh, Ss^Qhu, Xu
Xu, Xu, Xu, Xu, Xu, Xu, Xu, Uh^Qhh, Uu^Tf, Uu, Uu^Tf, Uu^Tf, Uu^Tf, Uu^Tf, Xu, Xu, Xuc, Uu^Br\, Uu^Br\, Ur, Ur^Br/, Uu^Br/, Ur, Ur, Wwr, Wwr^Br\, Uu^Br\, Ur, Ur, Uu, Uu^Esd, Xu, Xu, Xu, Ur, Ur, Uu^Br/, Uu^Br/, Uu, Uu^Ii, Xu, Ss^Qhu, Ss, Ss^Br\, Ur^Br\, Ur^Ii, Ur^Tf, Ss^Qhu, Wwr, Wwr, Xu
Xu, Xu, Xu, Xu, Tb^Tf, Xu, Xu, Xu, Xu, Xu, Uu^Tf, Uu^Tf, Uu^Dr, Xu, Xuc, Xuc, Wwrg^Qhu, Wwrg^Qhu, Uu^Br/, Uu^Br/, Ur, Ur, Uu^Dr, Uu^Dr, Uu^Tf, Uu, Uu, Uu^Br\, Uu^Br\, Ur, Ur, Uh^Qhh, Ur, Rr^Pr\, Uu^Pr\, Uu^Br/, Uh^Qhh, Xu, Uh^Qhh, Uu, Uh^Qhh, Uh^Qhh, Ur, Ss^Bw/r, Wwrt, Wwr^Br\, Wwr^Br\, Wwr, Wwr, Ss^Qhu, Xu
Xu, Xu, Xu, Uu^Vd, Uh^Qhh, Uue, Uue, Xu, Xu, Xu, Xu, Uu^Dr, Uu^Dr, Uu^Dr, Uu^Tf, Xuc, Xuc, Cud, Ur, Ur, Uu^Tf, Uu^Tf, Uu^Tf, Uu^Tf, Uu, Uu^Vo, Uu, Uu^Esd, Wwr^Qhu, Uu^Br\, Uu^Br\, Ur, Uu^Br/, Uu^Br/, Xu, Xu, Xu, Uh^Qhh, Uh^Qhh, Uu, Ur, Ur, Xu, Wwrt, Xu, Xu, Xu, Wwr^Br\, Wwr^Br\, Ur, Ur
Xu, Xu, Xu, Tb^Tf, Uh^Qhh, Uu, Qxu, Xu, Xu, Xu, Xu, Xu, Xu, Xu, Uu^Tf, Cud, Ur, Ur^Pr\, Xuc, Cud, Uu^Tf, Uu^Tf, Uu, Uu, Uu^Vo, Uu, Uu^Qhu, Uu, Uh^Qhh, Uu^Esd, Ur, Ur^Br/, Xu, Xu, Xu, Xu, Uu, Uh^Qhh, Ur, Ur, Xu, Xu, Xu, Xu, Xu, Xu, Xu, Xu, Xu, Wwr^Br\, Xu
Xu, Xu, Xu, Uue, Uue, Uu, Qxu^Bcx\, Qxu, Qxu, Xu, Xu, Xu, Uu, Uu, Ur, Ur, Uu^Tf, Cud, Uu^Tf, Xuc, Xuc, Xuc, Xu, Co, Uu^Qhu, Uu^Qhu, Uu^Qhu, Uu, Co, Ur, Uh^Qhh, Uh^Qhh, Xu, Uu, Ur, Uu, Ur, Ur, Xu, Xu, Xu, Xu, Xu, Xu, Xu, Xu, Xu, Xu, Xu, Xu, Xu
Xu, Xu, Xu, Xu, Xu, Xu, Xu, Qxu^Bcx\, Qxu^Bcx\, Qxu, Uh^Qhh, Uh^Qhh, Ur, Ur, Uh^Qhh, Xu, Xu, Uu^Tf, Xu, Xuc, Xu, Xu, Xu, Xu, Uu^Qhu, Uu^Qhu, Co, Xu, Co, Uh^Qhh, Uh^Qhh, Uh^Qhh, Xu, Uu, Uh, Ur, Xu, Xu, Xu, Xu, Xu, Xu, Xu, Xu, Xu, Xu, Xu, Xu, Xu, Xu, Xu
Xu, Xu, Xu, Xu, Xu, Xu, Uu, Qxu, Uu^Tf, Uh, Ur, Ur, Xu, Uh^Qhh, Xu, Uh^Qhh, Xu, Xu, Xu, Xu, Xu, Xu, Xu, Xu, Tb^Tf, Uu^Vo, Tb^Tf, Co, Co, 3 Ko, Xu, Xu, Xu, Xu, Xu, Xu, Xu, Xu, Xu, Xu, Xu, Xu, Xu, Xu, Xu, Xu, Xu, Xu, Xu, Xu, Xu
Xu, Xu, Xu, Xu, Xu, Uh^Qhh, Uu, Uu, Ur, Ur, Uu^Qhu, Xu, Xu, Xu, Xu, Xu, Xu, Xu, Xu, Xu, Xu, Xu, Xu, Xu, Xu, Tb^Tf, Xu, Xu, Xu, Xu, Xu, Xu, Xu, Xu, Xu, Xu, Xu, Xu, Xu, Xu, Xu, Xu, Xu, Xu, Xu, Xu, Xu, Xu, Xu, Xu, Xu
Xu, Xu, Xu, Xu, Xu, Uh^Qhh, Xu, Uh^Qhh, Uh^Qhh, Ur, Ur, Uu^Qhu, Uh^Qhh, Uh^Tf, Xu, Xu, Xu, Xu, Uu, Uh^Tf, Uu^Qhu, Xu, Xu, Xu, Xu, Xu, Xoa, Xoa, Xoa, Xu, Xu, Xu, Xu, Xu, Xu, Xu, Xu, Xu, Xu, Xu, Xu, Xu, Xu, Xu, Xu, Xu, Xu, Xu, Xu, Xu, Xu
Xu, Xu, Xu, Xu, Xu, Xu, Xu, Uu^Qhh, Xu, Uu, Xu, Ur, Ur, Uu^Tf, Ur, Xu, Uh^Tf, Uu, Xu, Uu, Uu, Xu, Xu, Xu, Xoa, Xoa, Isa^Vd, Uu, Isa, Xoa, Xoa, Xot, Xu, Xu, Xu, Xu, Xu, Xu, Xu, Xu, Xu, Xu, Xu, Xu, Xu, Xu, Xu, Xu, Xu, Xu, Xu
Xu, Xu, Xu, Xu, Xu, Xu, Xu, Xu, Xu, Xu, Qxu, Uh^Qhh, Cud, Ur, Qxu, Ur, Ur, Xu, Xu, Xu, Uu^Qhu, Uu, Uu, Uu^Tf, Uu^Tf, Xoa, Isa^Eb, Isa, Isa^Qhh, Isa, Uu, Xoa, Xu, Xu, Xu, Xu, Xu, Xu, Xu, Xu, Xu, Xu, Xu, Xu, Xu, Xu, Xu, Xu, Xu, Xu, Xu
Xu, Xu, Xu, Xu, Xu, Xu, Xu, Xu, Xu, Xu, Qxu, Qxu, Qxu, Qxu, Qxu, Qxu^Bcx/, Ur, Xu, Uh^Qhh, Xu, Xu, Xu, Uu^Qhu, Uu, Uu, Xoa, Isa, Isa, Isa^Qhh, Isa, Isa, Xoa, Xu, Xu, Xu, Xu, Xu, Xu, Xu, Xu, Xu, Xu, Xu, Xu, Xu, Xu, Xu, Xu, Xu, Xu, Xu
Xu, Xu, Xu, Xu, Xu, Xu, Xu, Uu^Dr, Uu, Xu, Uu^Qhu, Qxu, Qxu^Bcx/, Qxu, Qxu, Qxu, Cud, Ur, Uh^Qhh, Xu, Xu, Xu, Uu^Qhu, Uu, Uu, Isa, Isa, Uu, Isa^Qhh, Isa, Xoa, Xoa, Xu, Xu, Xu, Xu, Xu, Xu, Xu, Xu, Xu, Xu, Xu, Xu, Xu, Xu, Xu, Xu, Xu, Xu, Xu
Xu, Xu, Xu, Xu, Xu, Xu, Xu, Xu, Qxu, Uu, Ur, Ur, Xu, Qxu, Qxu, Qxu, Xu, Xu, Xu, Xu, Xu, Xu, Uu, Uu, Uu^Qhu, Xoa, Isa^Eb, Isa, Isa, Isa, Xoa, Xu, Xu, Xu, Xu, Xu, Xu, Xu, Xu, Xu, Xu, Xu, Xu, Xu, Xu, Xu, Xu, Xu, Xu, Xu, Xu
Xu, Xu, Xu, Xu, Uu, Uu, Uu, Qxu, Ur^Pr\o, Ur, Xu, Uh, Uu, Xu, Xu, Xu, Xu, Xu, Xu, Xu, Xu, Uh^Qhh, Uu, Uu, Xu, Xoa, Xoa, Uu, Xoa, Xoa, Xu, Xu, Xu, Xu, Xu, Xu, Xu, Xu, Xu, Xu, Xu, Xu, Xu, Xu, Xu, Xu, Xu, Xu, Xu, Xu, Xu
Xu, Xu, Uh^Tf, Uh^Qhh, Uu^Vct, Uu^Ebn, Ur, Ur, Uu, Xu, Xu, Xu, Uu, Uu, Uu, Uh^Qhh, Uu, Xu, Xu, Xu, Uu^Qhu, Uu, Uh^Tf, Xu, Xu, Xu, Xu, Xoa, Xu, Xu, Xu, Xu, Xu, Xu, Xu, Xu, Xu, Xu, Xu, Xu, Xu, Xu, Xu, Xu, Xu, Xu, Xu, Xu, Xu, Xu, Xu
Xue, Xu, Uu^Tf, Uu, Cte, Cte, Cte, Uu^Ebn, Uu^Vct, Xu, Xu, Xu, Xu, Uu, Uh^Qhh, Uu, Uu, Uu, Uu, Uu^Qhu, Uu, Uu, Ww, Xu, Xu, Xu, Xu, Xu, Xu, Xu, Xu, Xu, Xu, Xu, Xu, Xu, Xu, Xu, Xu, Xu, Xu, Xu, Xu, Xu, Xu, Xu, Xu, Xu, Xu, Xu, Xu
Xue, Xu, Xu^Efs, Uu, Ur, 1 Kte, Cte, Uh^Qhh, Uu, Xu, Xu, Xu, Xu, Uu, Xu, Uu, Xu, Uh^Qhh, Xu, Uu, Uu^Tf, Ww^Bw\r, Ww, Ww, Ww, Xu, Xu, Xu, Xu, Xu, Xu, Xu, Xu, Xu, Xu, Xu, Xu, Xu, Xu, Xu, Xu, Xu, Xu, Xu, Xu, Xu, Xu, Xu, Xu, Xu, Xu
Xu, Xu^Efs, Ur, Ur, Xu, Uu^Tf, Uu, Uh^Qhh, Uu, Xu, Xu, Xu, Xu, Xu, Xu, Xu, Ss^Vhs, Xu, Sm, Xu, Xu, Ww, Ww, Ww, Wog, Wog, Wog, Wog, Wog, Xu, Xu, Xu, Xu, Xu, Xu, Xu, Xu, Xu, Xu, Xu, Xu, Xu, Xu, Xu, Xu, Xu, Xu, Xu, Xu, Xu, Xu
Ur, Ur, Xu, Xu, Xue, Xu, Xu, Xu, Xu, Xu, Xu, Xu, Xu, Xu, Xu, Sm, Ss^Ii, Ss, Ss, Ss^Ii, Ww, Ww, Wog, Wog, Wog, Wog, Wog, Wog, Wog, Wog, Xu, Xu, Xu, Xu, Xu, Xu, Xu, Xu, Xu, Xu, Xu, Xu, Xu, Xu, Xu, Xu, Xu, Xu, Xu, Xu, Xu
Xue, Xu, Xue, Xue, Xue, Xu, Xu, Xu, Xu, Xu, Xu, Xu, Xu, Xu, Xu, Xu, Xu, Ss, Ss, Ww, Xu, Wog, Xu, Wog, Xu, Wog, Xu, Wog, Wog, Wog, Xu, Xu, Xu, Xu, Xu, Xu, Xu, Xu, Xu, Xu, Xu, Xu, Xu, Xu, Xu, Xu, Xu, Xu, Xu, Xu, Xu
